src/components/quiz/ExplanationPanel.tsx(20,5): error TS6133: 'userAnswer' is declared but its value is never read.
src/components/quiz/HintButton.tsx(2,18): error TS6133: 'AnimatePresence' is declared but its value is never read.
src/components/quiz/QuizInterface.tsx(8,25): error TS6133: 'Zap' is declared but its value is never read.
src/components/quiz/QuizInterface.tsx(8,30): error TS6133: 'AlertCircle' is declared but its value is never read.
src/main.tsx(10,19): error TS6133: 'reg' is declared but its value is never read.
src/pages/CreateRoom.tsx(80,29): error TS6133: 'roomCode' is declared but its value is never read.
src/pages/ResultsPage.tsx(3,20): error TS6133: 'useEffect' is declared but its value is never read.
